#-----------------------------------------------------------
# Vivado v2021.1 (64-bit)
# SW Build 3247384 on Thu Jun 10 19:36:33 MDT 2021
# IP Build 3246043 on Fri Jun 11 00:30:35 MDT 2021
# Start of session at: Mon Dec 13 13:23:05 2021
# Process ID: 6572
# Current directory: C:/Users/bhumm/OneDrive - TalTech/IAS0600_VHDL/project_3_CreepingLine
# Command line: vivado.exe -gui_launcher_event rodinguilauncherevent4976 C:\Users\bhumm\OneDrive - TalTech\IAS0600_VHDL\project_3_CreepingLine\project_3_CreepingLine.xpr
# Log file: C:/Users/bhumm/OneDrive - TalTech/IAS0600_VHDL/project_3_CreepingLine/vivado.log
# Journal file: C:/Users/bhumm/OneDrive - TalTech/IAS0600_VHDL/project_3_CreepingLine\vivado.jou
#-----------------------------------------------------------
start_gui
open_project {C:/Users/bhumm/OneDrive - TalTech/IAS0600_VHDL/project_3_CreepingLine/project_3_CreepingLine.xpr}
update_compile_order -fileset sources_1
launch_simulation
open_wave_config {C:/Users/bhumm/OneDrive - TalTech/IAS0600_VHDL/project_3_CreepingLine/Counter_tb_behav.wcfg}
source Counter_tb.tcl
restart
run 700 us
restart
run 100 ms
restart
run 3 s
close_sim
launch_simulation
open_wave_config {C:/Users/bhumm/OneDrive - TalTech/IAS0600_VHDL/project_3_CreepingLine/Counter_tb_behav.wcfg}
source Counter_tb.tcl
restart
run 10 s
close_sim
launch_simulation
open_wave_config {C:/Users/bhumm/OneDrive - TalTech/IAS0600_VHDL/project_3_CreepingLine/Counter_tb_behav.wcfg}
source Counter_tb.tcl
restart
restart
run 700 us
restart
run 700 us
close_sim
launch_simulation
open_wave_config {C:/Users/bhumm/OneDrive - TalTech/IAS0600_VHDL/project_3_CreepingLine/Counter_tb_behav.wcfg}
source Counter_tb.tcl
restart
run all
restart
run 700 us
restart
relaunch_sim
run 700 us
restart
run 12 ms
relaunch_sim
run all
restart
restart
run all
restart
run 12 ms
run 36 ms
restart
run 60 ms
run 60 ms
close_sim
archive_project {C:/Users/bhumm/OneDrive - TalTech/IAS0600_VHDL/project_3_CreepingLine.xpr.zip} -temp_dir {C:/Users/bhumm/OneDrive - TalTech/IAS0600_VHDL/project_3_CreepingLine/.Xil/Vivado-6572-LAPTOP-1AC7T8FO} -force -exclude_run_results
