#-----------------------------------------------------------
# Vivado v2021.1 (64-bit)
# SW Build 3247384 on Thu Jun 10 19:36:33 MDT 2021
# IP Build 3246043 on Fri Jun 11 00:30:35 MDT 2021
# Start of session at: Mon Dec 13 12:15:28 2021
# Process ID: 23484
# Current directory: C:/Users/bhumm/OneDrive - TalTech/IAS0600_VHDL/project_3_CreepingLine
# Command line: vivado.exe -gui_launcher_event rodinguilauncherevent20544 C:\Users\bhumm\OneDrive - TalTech\IAS0600_VHDL\project_3_CreepingLine\project_3_CreepingLine.xpr
# Log file: C:/Users/bhumm/OneDrive - TalTech/IAS0600_VHDL/project_3_CreepingLine/vivado.log
# Journal file: C:/Users/bhumm/OneDrive - TalTech/IAS0600_VHDL/project_3_CreepingLine\vivado.jou
#-----------------------------------------------------------
start_gui
open_project {C:/Users/bhumm/OneDrive - TalTech/IAS0600_VHDL/project_3_CreepingLine/project_3_CreepingLine.xpr}
update_compile_order -fileset sources_1
launch_simulation
open_wave_config {C:/Users/bhumm/OneDrive - TalTech/IAS0600_VHDL/project_3_CreepingLine/Counter_tb_behav.wcfg}
source Counter_tb.tcl
restart
run all
relaunch_sim
close_sim
launch_simulation
open_wave_config {C:/Users/bhumm/OneDrive - TalTech/IAS0600_VHDL/project_3_CreepingLine/Counter_tb_behav.wcfg}
source Counter_tb.tcl
run all
restart
run all
close_sim
launch_simulation
open_wave_config {C:/Users/bhumm/OneDrive - TalTech/IAS0600_VHDL/project_3_CreepingLine/Counter_tb_behav.wcfg}
source Counter_tb.tcl
restart
run all
relaunch_sim
restart
run all
close_sim
launch_simulation
open_wave_config {C:/Users/bhumm/OneDrive - TalTech/IAS0600_VHDL/project_3_CreepingLine/Counter_tb_behav.wcfg}
source Counter_tb.tcl
restart
run all
restart
run 0.2 s
restart
run 700 us
close_sim
