#-----------------------------------------------------------
# Vivado v2021.1 (64-bit)
# SW Build 3247384 on Thu Jun 10 19:36:33 MDT 2021
# IP Build 3246043 on Fri Jun 11 00:30:35 MDT 2021
# Start of session at: Sun Dec  5 13:23:42 2021
# Process ID: 27700
# Current directory: C:/Users/bhumm/OneDrive - TalTech/IAS0600_VHDL/Lab_1_Comparator
# Command line: vivado.exe -gui_launcher_event rodinguilauncherevent29964 C:\Users\bhumm\OneDrive - TalTech\IAS0600_VHDL\Lab_1_Comparator\Lab_1_Comparator.xpr
# Log file: C:/Users/bhumm/OneDrive - TalTech/IAS0600_VHDL/Lab_1_Comparator/vivado.log
# Journal file: C:/Users/bhumm/OneDrive - TalTech/IAS0600_VHDL/Lab_1_Comparator\vivado.jou
#-----------------------------------------------------------
start_gui
open_project {C:/Users/bhumm/OneDrive - TalTech/IAS0600_VHDL/Lab_1_Comparator/Lab_1_Comparator.xpr}
update_compile_order -fileset sources_1
archive_project {C:/Users/bhumm/OneDrive - TalTech/IAS0600_VHDL/Lab_1_Comparator.xpr.zip} -temp_dir {C:/Users/bhumm/OneDrive - TalTech/IAS0600_VHDL/Lab_1_Comparator/.Xil/Vivado-27700-LAPTOP-1AC7T8FO} -force -exclude_run_results
close_project
open_project {C:/Users/bhumm/OneDrive - TalTech/IAS0600_VHDL/project_3_2BitAdder/project_3_2BitAdder.xpr}
archive_project {C:/Users/bhumm/OneDrive - TalTech/IAS0600_VHDL/project_3_2BitAdder.xpr.zip} -temp_dir {C:/Users/bhumm/OneDrive - TalTech/IAS0600_VHDL/Lab_1_Comparator/.Xil/Vivado-27700-LAPTOP-1AC7T8FO} -force -exclude_run_results
update_compile_order -fileset sources_1
# Disabling source management mode.  This is to allow the top design properties to be set without GUI intervention.
set_property source_mgmt_mode None [current_project]
set_property top TBA_Source [current_fileset]
# Re-enabling previously disabled source management mode.
set_property source_mgmt_mode All [current_project]
update_compile_order -fileset sources_1
