#-----------------------------------------------------------
# Vivado v2021.1 (64-bit)
# SW Build 3247384 on Thu Jun 10 19:36:33 MDT 2021
# IP Build 3246043 on Fri Jun 11 00:30:35 MDT 2021
# Start of session at: Sun Dec  5 13:28:23 2021
# Process ID: 19724
# Current directory: C:/Users/bhumm/OneDrive - TalTech/IAS0600_VHDL/project_3_2BitAdder
# Command line: vivado.exe -gui_launcher_event rodinguilauncherevent19380 C:\Users\bhumm\OneDrive - TalTech\IAS0600_VHDL\project_3_2BitAdder\project_3_2BitAdder.xpr
# Log file: C:/Users/bhumm/OneDrive - TalTech/IAS0600_VHDL/project_3_2BitAdder/vivado.log
# Journal file: C:/Users/bhumm/OneDrive - TalTech/IAS0600_VHDL/project_3_2BitAdder\vivado.jou
#-----------------------------------------------------------
start_gui
open_project {C:/Users/bhumm/OneDrive - TalTech/IAS0600_VHDL/project_3_2BitAdder/project_3_2BitAdder.xpr}
update_compile_order -fileset sources_1
archive_project {C:/Users/bhumm/OneDrive - TalTech/IAS0600_VHDL/project_3_2BitAdder.xpr.zip} -temp_dir {C:/Users/bhumm/OneDrive - TalTech/IAS0600_VHDL/project_3_2BitAdder/.Xil/Vivado-19724-LAPTOP-1AC7T8FO} -force -exclude_run_results
close_project
