#-----------------------------------------------------------
# Vivado v2021.1 (64-bit)
# SW Build 3247384 on Thu Jun 10 19:36:33 MDT 2021
# IP Build 3246043 on Fri Jun 11 00:30:35 MDT 2021
# Start of session at: Tue Dec 14 15:32:34 2021
# Process ID: 1828
# Current directory: C:/Users/bhumm/OneDrive - TalTech/IAS0600_VHDL/project_5_ParameterizedMultiplier
# Command line: vivado.exe -gui_launcher_event rodinguilauncherevent19108 C:\Users\bhumm\OneDrive - TalTech\IAS0600_VHDL\project_5_ParameterizedMultiplier\project_5_ParameterizedMultiplier.xpr
# Log file: C:/Users/bhumm/OneDrive - TalTech/IAS0600_VHDL/project_5_ParameterizedMultiplier/vivado.log
# Journal file: C:/Users/bhumm/OneDrive - TalTech/IAS0600_VHDL/project_5_ParameterizedMultiplier\vivado.jou
#-----------------------------------------------------------
start_gui
open_project {C:/Users/bhumm/OneDrive - TalTech/IAS0600_VHDL/project_5_ParameterizedMultiplier/project_5_ParameterizedMultiplier.xpr}
update_compile_order -fileset sources_1
launch_simulation
launch_simulation
launch_simulation
source Multiplier_tb.tcl
close_sim
launch_simulation
source Multiplier_tb.tcl
close_sim
launch_simulation
source Multiplier_tb.tcl
restart
run 3 us
close_sim
