#-----------------------------------------------------------
# Vivado v2021.1 (64-bit)
# SW Build 3247384 on Thu Jun 10 19:36:33 MDT 2021
# IP Build 3246043 on Fri Jun 11 00:30:35 MDT 2021
# Start of session at: Tue Dec 14 01:00:59 2021
# Process ID: 21880
# Current directory: C:/Users/bhumm/OneDrive - TalTech/IAS0600_VHDL/project_6_FSM
# Command line: vivado.exe -gui_launcher_event rodinguilauncherevent3296 C:\Users\bhumm\OneDrive - TalTech\IAS0600_VHDL\project_6_FSM\project_6_FSM.xpr
# Log file: C:/Users/bhumm/OneDrive - TalTech/IAS0600_VHDL/project_6_FSM/vivado.log
# Journal file: C:/Users/bhumm/OneDrive - TalTech/IAS0600_VHDL/project_6_FSM\vivado.jou
#-----------------------------------------------------------
start_gui
open_project {C:/Users/bhumm/OneDrive - TalTech/IAS0600_VHDL/project_6_FSM/project_6_FSM.xpr}
update_compile_order -fileset sources_1
archive_project {C:/Users/bhumm/OneDrive - TalTech/IAS0600_VHDL/project_6_FSM.xpr.zip} -temp_dir {C:/Users/bhumm/OneDrive - TalTech/IAS0600_VHDL/project_6_FSM/.Xil/Vivado-21880-LAPTOP-1AC7T8FO} -force -exclude_run_results
